------------------------------------------------------------
TimeQuest Timing Analyzer Summary
------------------------------------------------------------

Type  : Slow Model Setup 'clk'
Slack : -7.773
TNS   : -364.370

Type  : Slow Model Setup 'exponential:inst2|datapath:dP|counter:count|out[3]'
Slack : -1.466
TNS   : -14.950

Type  : Slow Model Hold 'clk'
Slack : -2.687
TNS   : -6.069

Type  : Slow Model Hold 'exponential:inst2|datapath:dP|counter:count|out[3]'
Slack : 0.694
TNS   : 0.000

Type  : Slow Model Recovery 'clk'
Slack : -0.432
TNS   : -3.456

Type  : Slow Model Removal 'clk'
Slack : 1.184
TNS   : 0.000

Type  : Slow Model Minimum Pulse Width 'clk'
Slack : -1.814
TNS   : -180.129

Type  : Slow Model Minimum Pulse Width 'exponential:inst2|datapath:dP|counter:count|out[3]'
Slack : 0.500
TNS   : 0.000

Type  : Fast Model Setup 'clk'
Slack : -2.178
TNS   : -69.025

Type  : Fast Model Setup 'exponential:inst2|datapath:dP|counter:count|out[3]'
Slack : -0.117
TNS   : -0.420

Type  : Fast Model Hold 'clk'
Slack : -1.717
TNS   : -4.497

Type  : Fast Model Hold 'exponential:inst2|datapath:dP|counter:count|out[3]'
Slack : 0.459
TNS   : 0.000

Type  : Fast Model Recovery 'clk'
Slack : 0.292
TNS   : 0.000

Type  : Fast Model Removal 'clk'
Slack : 0.588
TNS   : 0.000

Type  : Fast Model Minimum Pulse Width 'clk'
Slack : -1.519
TNS   : -147.756

Type  : Fast Model Minimum Pulse Width 'exponential:inst2|datapath:dP|counter:count|out[3]'
Slack : 0.500
TNS   : 0.000

------------------------------------------------------------
